// Jest Snapshot v1, https://goo.gl/fbAQLP

exports[`Octave Buttons matches snapshot 1`] = `
<DocumentFragment>
  <div
    class="octave"
  >
    <h4>
      Octave
    </h4>
    <div
      class="WaveformForm-radios"
    >
      <button>
        -
      </button>
      <button>
        +
      </button>
    </div>
  </div>
</DocumentFragment>
`;
