// Jest Snapshot v1, https://goo.gl/fbAQLP

exports[`matches snapshot 1`] = `
<DocumentFragment>
  <div
    class="LoginForm mt-5"
  >
    <h3
      class="mb-5"
    >
      Enter your username and password to proceed.
    </h3>
    <form
      class="LoginForm-form mt-5"
    >
      <div
        class="form-group"
      >
        <label
          class=""
          for="username"
        >
          Username
        </label>
        <input
          class="LoginForm-input form-control"
          id="username"
          name="username"
          required=""
          type="text"
          value=""
        />
      </div>
      <div
        class="form-group"
      >
        <label
          class=""
          for="password"
        >
          Password
        </label>
        <input
          class="LoginForm-input form-control"
          id="password"
          name="password"
          required=""
          type="password"
          value=""
        />
      </div>
      <button
        class="LoginForm-btn mb-5 btn btn-primary"
      >
        Login
      </button>
    </form>
  </div>
</DocumentFragment>
`;
