// Jest Snapshot v1, https://goo.gl/fbAQLP

exports[`Navigation matches snapshot 1`] = `
<DocumentFragment>
  <div
    class="Navigation"
  >
    <nav
      class="navbar navbar-expand-md"
    >
      <ul
        class="nav"
      >
        <li
          class="mr-3 nav-item"
        >
          <a
            aria-current="page"
            class="text-white active"
            href="/"
          >
            WebSynth
          </a>
        </li>
      </ul>
      <button
        aria-label="Toggle navigation"
        class="navbar-toggler"
        type="button"
      >
        <span
          class="navbar-toggler-icon"
        />
      </button>
      <div
        class="collapse navbar-collapse"
      >
        <ul
          class="ml-auto nav"
        >
          <li
            class="mr-3 nav-item"
          >
            <a
              class="text-white"
              href="/login"
            >
              Log In
            </a>
          </li>
          <li
            class="mr-2 nav-item"
          >
            <a
              class="text-white"
              href="/register"
            >
              Sign Up
            </a>
          </li>
        </ul>
      </div>
    </nav>
  </div>
</DocumentFragment>
`;
